10 games solved in a total of 40 moves, for an average of 4.0
1000 games solved in a total of 3673 moves, for an average of 3.673
10 games solved in a total of 37 moves, for an average of 3.7
10.0 games solved in a total of 35 moves, for an average of 3.5
3000.0 games solved in a total of 11015 moves, for an average of 3.672
